Archive member included to satisfy reference by file (symbol)

c:/st/stm32cubeide_1.7.0/stm32cubeide/plugins/com.st.stm32cube.ide.mcu.externaltools.gnu-tools-for-stm32.9-2020-q2-update.win32_2.0.0.202105311346/tools/bin/../lib/gcc/arm-none-eabi/9.3.1/../../../../arm-none-eabi/lib/thumb/v7-m/nofp\libc_nano.a(lib_a-errno.o)
                              ./Core/Src/syscalls.o (__errno)
c:/st/stm32cubeide_1.7.0/stm32cubeide/plugins/com.st.stm32cube.ide.mcu.externaltools.gnu-tools-for-stm32.9-2020-q2-update.win32_2.0.0.202105311346/tools/bin/../lib/gcc/arm-none-eabi/9.3.1/../../../../arm-none-eabi/lib/thumb/v7-m/nofp\libc_nano.a(lib_a-exit.o)
                              c:/st/stm32cubeide_1.7.0/stm32cubeide/plugins/com.st.stm32cube.ide.mcu.externaltools.gnu-tools-for-stm32.9-2020-q2-update.win32_2.0.0.202105311346/tools/bin/../lib/gcc/arm-none-eabi/9.3.1/../../../../arm-none-eabi/lib/thumb/v7-m/nofp/crt0.o (exit)
c:/st/stm32cubeide_1.7.0/stm32cubeide/plugins/com.st.stm32cube.ide.mcu.externaltools.gnu-tools-for-stm32.9-2020-q2-update.win32_2.0.0.202105311346/tools/bin/../lib/gcc/arm-none-eabi/9.3.1/../../../../arm-none-eabi/lib/thumb/v7-m/nofp\libc_nano.a(lib_a-impure.o)
                              c:/st/stm32cubeide_1.7.0/stm32cubeide/plugins/com.st.stm32cube.ide.mcu.externaltools.gnu-tools-for-stm32.9-2020-q2-update.win32_2.0.0.202105311346/tools/bin/../lib/gcc/arm-none-eabi/9.3.1/../../../../arm-none-eabi/lib/thumb/v7-m/nofp\libc_nano.a(lib_a-exit.o) (_global_impure_ptr)
c:/st/stm32cubeide_1.7.0/stm32cubeide/plugins/com.st.stm32cube.ide.mcu.externaltools.gnu-tools-for-stm32.9-2020-q2-update.win32_2.0.0.202105311346/tools/bin/../lib/gcc/arm-none-eabi/9.3.1/../../../../arm-none-eabi/lib/thumb/v7-m/nofp\libc_nano.a(lib_a-init.o)
                              c:/st/stm32cubeide_1.7.0/stm32cubeide/plugins/com.st.stm32cube.ide.mcu.externaltools.gnu-tools-for-stm32.9-2020-q2-update.win32_2.0.0.202105311346/tools/bin/../lib/gcc/arm-none-eabi/9.3.1/../../../../arm-none-eabi/lib/thumb/v7-m/nofp/crt0.o (__libc_init_array)
c:/st/stm32cubeide_1.7.0/stm32cubeide/plugins/com.st.stm32cube.ide.mcu.externaltools.gnu-tools-for-stm32.9-2020-q2-update.win32_2.0.0.202105311346/tools/bin/../lib/gcc/arm-none-eabi/9.3.1/../../../../arm-none-eabi/lib/thumb/v7-m/nofp\libc_nano.a(lib_a-malloc.o)
                              ./Core/Src/scheduler.o (malloc)
c:/st/stm32cubeide_1.7.0/stm32cubeide/plugins/com.st.stm32cube.ide.mcu.externaltools.gnu-tools-for-stm32.9-2020-q2-update.win32_2.0.0.202105311346/tools/bin/../lib/gcc/arm-none-eabi/9.3.1/../../../../arm-none-eabi/lib/thumb/v7-m/nofp\libc_nano.a(lib_a-memset.o)
                              c:/st/stm32cubeide_1.7.0/stm32cubeide/plugins/com.st.stm32cube.ide.mcu.externaltools.gnu-tools-for-stm32.9-2020-q2-update.win32_2.0.0.202105311346/tools/bin/../lib/gcc/arm-none-eabi/9.3.1/../../../../arm-none-eabi/lib/thumb/v7-m/nofp/crt0.o (memset)
c:/st/stm32cubeide_1.7.0/stm32cubeide/plugins/com.st.stm32cube.ide.mcu.externaltools.gnu-tools-for-stm32.9-2020-q2-update.win32_2.0.0.202105311346/tools/bin/../lib/gcc/arm-none-eabi/9.3.1/../../../../arm-none-eabi/lib/thumb/v7-m/nofp\libc_nano.a(lib_a-nano-freer.o)
                              c:/st/stm32cubeide_1.7.0/stm32cubeide/plugins/com.st.stm32cube.ide.mcu.externaltools.gnu-tools-for-stm32.9-2020-q2-update.win32_2.0.0.202105311346/tools/bin/../lib/gcc/arm-none-eabi/9.3.1/../../../../arm-none-eabi/lib/thumb/v7-m/nofp\libc_nano.a(lib_a-malloc.o) (_free_r)
c:/st/stm32cubeide_1.7.0/stm32cubeide/plugins/com.st.stm32cube.ide.mcu.externaltools.gnu-tools-for-stm32.9-2020-q2-update.win32_2.0.0.202105311346/tools/bin/../lib/gcc/arm-none-eabi/9.3.1/../../../../arm-none-eabi/lib/thumb/v7-m/nofp\libc_nano.a(lib_a-nano-mallocr.o)
                              c:/st/stm32cubeide_1.7.0/stm32cubeide/plugins/com.st.stm32cube.ide.mcu.externaltools.gnu-tools-for-stm32.9-2020-q2-update.win32_2.0.0.202105311346/tools/bin/../lib/gcc/arm-none-eabi/9.3.1/../../../../arm-none-eabi/lib/thumb/v7-m/nofp\libc_nano.a(lib_a-malloc.o) (_malloc_r)
c:/st/stm32cubeide_1.7.0/stm32cubeide/plugins/com.st.stm32cube.ide.mcu.externaltools.gnu-tools-for-stm32.9-2020-q2-update.win32_2.0.0.202105311346/tools/bin/../lib/gcc/arm-none-eabi/9.3.1/../../../../arm-none-eabi/lib/thumb/v7-m/nofp\libc_nano.a(lib_a-sbrkr.o)
                              c:/st/stm32cubeide_1.7.0/stm32cubeide/plugins/com.st.stm32cube.ide.mcu.externaltools.gnu-tools-for-stm32.9-2020-q2-update.win32_2.0.0.202105311346/tools/bin/../lib/gcc/arm-none-eabi/9.3.1/../../../../arm-none-eabi/lib/thumb/v7-m/nofp\libc_nano.a(lib_a-nano-mallocr.o) (_sbrk_r)
c:/st/stm32cubeide_1.7.0/stm32cubeide/plugins/com.st.stm32cube.ide.mcu.externaltools.gnu-tools-for-stm32.9-2020-q2-update.win32_2.0.0.202105311346/tools/bin/../lib/gcc/arm-none-eabi/9.3.1/../../../../arm-none-eabi/lib/thumb/v7-m/nofp\libc_nano.a(lib_a-mlock.o)
[...]
Memory Configuration

Name             Origin             Length             Attributes
RAM              0x0000000020000000 0x0000000000002800 xrw
FLASH            0x0000000008000000 0x0000000000008000 xr
*default*        0x0000000000000000 0xffffffffffffffff

Linker script and memory map

LOAD c:/st/stm32cubeide_1.7.0/stm32cubeide/plugins/com.st.stm32cube.ide.mcu.externaltools.gnu-tools-for-stm32.9-2020-q2-update.win32_2.0.0.202105311346/tools/bin/../lib/gcc/arm-none-eabi/9.3.1/thumb/v7-m/nofp/crti.o
LOAD c:/st/stm32cubeide_1.7.0/stm32cubeide/plugins/com.st.stm32cube.ide.mcu.externaltools.gnu-tools-for-stm32.9-2020-q2-update.win32_2.0.0.202105311346/tools/bin/../lib/gcc/arm-none-eabi/9.3.1/thumb/v7-m/nofp/crtbegin.o
LOAD c:/st/stm32cubeide_1.7.0/stm32cubeide/plugins/com.st.stm32cube.ide.mcu.externaltools.gnu-tools-for-stm32.9-2020-q2-update.win32_2.0.0.202105311346/tools/bin/../lib/gcc/arm-none-eabi/9.3.1/../../../../arm-none-eabi/lib/thumb/v7-m/nofp/crt0.o
LOAD ./Core/Src/display7SEG.o
LOAD ./Core/Src/displayLed.o
LOAD ./Core/Src/fsm_normal_state.o
LOAD ./Core/Src/global.o
LOAD ./Core/Src/input_reading.o
LOAD ./Core/Src/main.o
LOAD ./Core/Src/scheduler.o
LOAD ./Core/Src/software_timer.o
LOAD ./Core/Src/stm32f1xx_hal_msp.o
LOAD ./Core/Src/stm32f1xx_it.o
LOAD ./Core/Src/syscalls.o
LOAD ./Core/Src/sysmem.o
LOAD ./Core/Src/system_stm32f1xx.o
LOAD ./Core/Startup/startup_stm32f103c6ux.o
LOAD ./Drivers/STM32F1xx_HAL_Driver/Src/stm32f1xx_hal.o
LOAD ./Drivers/STM32F1xx_HAL_Driver/Src/stm32f1xx_hal_cortex.o
LOAD ./Drivers/STM32F1xx_HAL_Driver/Src/stm32f1xx_hal_dma.o
LOAD ./Drivers/STM32F1xx_HAL_Driver/Src/stm32f1xx_hal_exti.o
LOAD ./Drivers/STM32F1xx_HAL_Driver/Src/stm32f1xx_hal_flash.o
LOAD ./Drivers/STM32F1xx_HAL_Driver/Src/stm32f1xx_hal_flash_ex.o
LOAD ./Drivers/STM32F1xx_HAL_Driver/Src/stm32f1xx_hal_gpio.o
LOAD ./Drivers/STM32F1xx_HAL_Driver/Src/stm32f1xx_hal_gpio_ex.o
LOAD ./Drivers/STM32F1xx_HAL_Driver/Src/stm32f1xx_hal_pwr.o
LOAD ./Drivers/STM32F1xx_HAL_Driver/Src/stm32f1xx_hal_rcc.o
LOAD ./Drivers/STM32F1xx_HAL_Driver/Src/stm32f1xx_hal_rcc_ex.o
LOAD ./Drivers/STM32F1xx_HAL_Driver/Src/stm32f1xx_hal_tim.o
LOAD ./Drivers/STM32F1xx_HAL_Driver/Src/stm32f1xx_hal_tim_ex.o
START GROUP
LOAD c:/st/stm32cubeide_1.7.0/stm32cubeide/plugins/com.st.stm32cube.ide.mcu.externaltools.gnu-tools-for-stm32.9-2020-q2-update.win32_2.0.0.202105311346/tools/bin/../lib/gcc/arm-none-eabi/9.3.1/../../../../arm-none-eabi/lib/thumb/v7-m/nofp\libc_nano.a
LOAD c:/st/stm32cubeide_1.7.0/stm32cubeide/plugins/com.st.stm32cube.ide.mcu.externaltools.gnu-tools-for-stm32.9-2020-q2-update.win32_2.0.0.202105311346/tools/bin/../lib/gcc/arm-none-eabi/9.3.1/../../../../arm-none-eabi/lib/thumb/v7-m/nofp\libm.a
END GROUP
START GROUP
LOAD c:/st/stm32cubeide_1.7.0/stm32cubeide/plugins/com.st.stm32cube.ide.mcu.externaltools.gnu-tools-for-stm32.9-2020-q2-update.win32_2.0.0.202105311346/tools/bin/../lib/gcc/arm-none-eabi/9.3.1/thumb/v7-m/nofp\libgcc.a
LOAD c:/st/stm32cubeide_1.7.0/stm32cubeide/plugins/com.st.stm32cube.ide.mcu.externaltools.gnu-tools-for-stm32.9-2020-q2-update.win32_2.0.0.202105311346/tools/bin/../lib/gcc/arm-none-eabi/9.3.1/../../../../arm-none-eabi/lib/thumb/v7-m/nofp\libc_nano.a
END GROUP
START GROUP
LOAD c:/st/stm32cubeide_1.7.0/stm32cubeide/plugins/com.st.stm32cube.ide.mcu.externaltools.gnu-tools-for-stm32.9-2020-q2-update.win32_2.0.0.202105311346/tools/bin/../lib/gcc/arm-none-eabi/9.3.1/thumb/v7-m/nofp\libgcc.a
LOAD c:/st/stm32cubeide_1.7.0/stm32cubeide/plugins/com.st.stm32cube.ide.mcu.externaltools.gnu-tools-for-stm32.9-2020-q2-update.win32_2.0.0.202105311346/tools/bin/../lib/gcc/arm-none-eabi/9.3.1/../../../../arm-none-eabi/lib/thumb/v7-m/nofp\libc_nano.a
LOAD c:/st/stm32cubeide_1.7.0/stm32cubeide/plugins/com.st.stm32cube.ide.mcu.externaltools.gnu-tools-for-stm32.9-2020-q2-update.win32_2.0.0.202105311346/tools/bin/../lib/gcc/arm-none-eabi/9.3.1/../../../../arm-none-eabi/lib/thumb/v7-m/nofp\libnosys.a
END GROUP
START GROUP
LOAD c:/st/stm32cubeide_1.7.0/stm32cubeide/plugins/com.st.stm32cube.ide.mcu.externaltools.gnu-tools-for-stm32.9-2020-q2-update.win32_2.0.0.202105311346/tools/bin/../lib/gcc/arm-none-eabi/9.3.1/thumb/v7-m/nofp\libgcc.a
LOAD c:/st/stm32cubeide_1.7.0/stm32cubeide/plugins/com.st.stm32cube.ide.mcu.externaltools.gnu-tools-for-stm32.9-2020-q2-update.win32_2.0.0.202105311346/tools/bin/../lib/gcc/arm-none-eabi/9.3.1/../../../../arm-none-eabi/lib/thumb/v7-m/nofp\libc_nano.a
LOAD c:/st/stm32cubeide_1.7.0/stm32cubeide/plugins/com.st.stm32cube.ide.mcu.externaltools.gnu-tools-for-stm32.9-2020-q2-update.win32_2.0.0.202105311346/tools/bin/../lib/gcc/arm-none-eabi/9.3.1/../../../../arm-none-eabi/lib/thumb/v7-m/nofp\libnosys.a
END GROUP
LOAD c:/st/stm32cubeide_1.7.0/stm32cubeide/plugins/com.st.stm32cube.ide.mcu.externaltools.gnu-tools-for-stm32.9-2020-q2-update.win32_2.0.0.202105311346/tools/bin/../lib/gcc/arm-none-eabi/9.3.1/thumb/v7-m/nofp/crtend.o
LOAD c:/st/stm32cubeide_1.7.0/stm32cubeide/plugins/com.st.stm32cube.ide.mcu.externaltools.gnu-tools-for-stm32.9-2020-q2-update.win32_2.0.0.202105311346/tools/bin/../lib/gcc/arm-none-eabi/9.3.1/thumb/v7-m/nofp/crtn.o
                0x0000000020002800                _estack = (ORIGIN (RAM) + LENGTH (RAM))
                0x0000000000000200                _Min_Heap_Size = 0x200
                0x0000000000000400                _Min_Stack_Size = 0x400

.isr_vector     0x0000000008000000      0x10c
                0x0000000008000000                . = ALIGN (0x4)
 *(.isr_vector)
 .isr_vector    0x0000000008000000      0x10c ./Core/Startup/startup_stm32f103c6ux.o
                0x0000000008000000                g_pfnVectors
                0x000000000800010c                . = ALIGN (0x4)

.text           0x000000000800010c     0x2d68
                0x000000000800010c                . = ALIGN (0x4)
 *(.text)
 .text          0x000000000800010c       0x40 c:/st/stm32cubeide_1.7.0/stm32cubeide/plugins/com.st.stm32cube.ide.mcu.externaltools.gnu-tools-for-stm32.9-2020-q2-update.win32_2.0.0.202105311346/tools/bin/../lib/gcc/arm-none-eabi/9.3.1/thumb/v7-m/nofp/crtbegin.o
 *(.text*)
 .text.display7SEG
                0x000000000800014c      0x37c ./Core/Src/display7SEG.o
                0x000000000800014c                display7SEG
 .text.updateBuffer
                0x00000000080004c8       0x80 ./Core/Src/display7SEG.o
                0x00000000080004c8                updateBuffer
 .text.update7SEG
                0x0000000008000548      0x118 ./Core/Src/display7SEG.o
                0x0000000008000548                update7SEG
 .text.clearAllLed
                0x0000000008000660       0x48 ./Core/Src/displayLed.o
                0x0000000008000660                clearAllLed
 .text.displayRed1
                0x00000000080006a8       0x2c ./Core/Src/displayLed.o
                0x00000000080006a8                displayRed1
 .text.displayYellow1
                0x00000000080006d4       0x2c ./Core/Src/displayLed.o
                0x00000000080006d4                displayYellow1
 .text.displayGreen1
                0x0000000008000700       0x2c ./Core/Src/displayLed.o
                0x0000000008000700                displayGreen1
 .text.displayRed2
                0x000000000800072c       0x2c ./Core/Src/displayLed.o
                0x000000000800072c                displayRed2
 .text.displayYellow2
                0x0000000008000758       0x2c ./Core/Src/displayLed.o
                0x0000000008000758                displayYellow2
 .text.displayGreen2
                0x0000000008000784       0x2c ./Core/Src/displayLed.o
                0x0000000008000784                displayGreen2
 .text.toggleRed
                0x00000000080007b0       0x1c ./Core/Src/displayLed.o
                0x00000000080007b0                toggleRed
 .text.toggleYellow
                0x00000000080007cc       0x1c ./Core/Src/displayLed.o
                0x00000000080007cc                toggleYellow
 .text.toggleGreen
                0x00000000080007e8       0x1c ./Core/Src/displayLed.o
                0x00000000080007e8                toggleGreen
 .text.increase
                0x0000000008000804       0x28 ./Core/Src/fsm_normal_state.o
                0x0000000008000804                increase
 .text.normalState
                0x000000000800082c      0x490 ./Core/Src/fsm_normal_state.o
                0x000000000800082c                normalState
 .text.button_reading
                0x0000000008000cbc      0x120 ./Core/Src/input_reading.o
                0x0000000008000cbc                button_reading
 .text.is_button_pressed
                0x0000000008000ddc       0x44 ./Core/Src/input_reading.o
                0x0000000008000ddc                is_button_pressed
 .text.HAL_TIM_PeriodElapsedCallback
                0x0000000008000e20       0x18 ./Core/Src/main.o
                0x0000000008000e20                HAL_TIM_PeriodElapsedCallback
 .text.main     0x0000000008000e38       0x94 ./Core/Src/main.o
                0x0000000008000e38                main
 .text.SystemClock_Config
                0x0000000008000ecc       0x76 ./Core/Src/main.o
                0x0000000008000ecc                SystemClock_Config
 *fill*         0x0000000008000f42        0x2 
 .text.MX_TIM2_Init
                0x0000000008000f44       0x98 ./Core/Src/main.o
 .text.MX_GPIO_Init
                0x0000000008000fdc       0xc4 ./Core/Src/main.o
 .text.Error_Handler
                0x00000000080010a0        0xa ./Core/Src/main.o
                0x00000000080010a0                Error_Handler
 *fill*         0x00000000080010aa        0x2 
 .text.SCH_Init
                0x00000000080010ac       0x18 ./Core/Src/scheduler.o
                0x00000000080010ac                SCH_Init
 .text.addNode  0x00000000080010c4       0xe8 ./Core/Src/scheduler.o
                0x00000000080010c4                addNode
 .text.deleteBegin
                0x00000000080011ac       0x30 ./Core/Src/scheduler.o
                0x00000000080011ac                deleteBegin
 .text.SCH_Add_Task
                0x00000000080011dc       0x3a ./Core/Src/scheduler.o
                0x00000000080011dc                SCH_Add_Task
 *fill*         0x0000000008001216        0x2 
 .text.SCH_Update
                0x0000000008001218       0x4c ./Core/Src/scheduler.o
                0x0000000008001218                SCH_Update
 .text.SCH_Dispatch_Tasks
                0x0000000008001264       0x58 ./Core/Src/scheduler.o
                0x0000000008001264                SCH_Dispatch_Tasks
 .text.setTimer1
                0x00000000080012bc       0x28 ./Core/Src/software_timer.o
                0x00000000080012bc                setTimer1
 .text.setTimer2
                0x00000000080012e4       0x28 ./Core/Src/software_timer.o
                0x00000000080012e4                setTimer2
 .text.setTimer3
                0x000000000800130c       0x28 ./Core/Src/software_timer.o
                0x000000000800130c                setTimer3
 .text.setTimer4
                0x0000000008001334       0x28 ./Core/Src/software_timer.o
                0x0000000008001334                setTimer4
 .text.setTimer5
                0x000000000800135c       0x28 ./Core/Src/software_timer.o
                0x000000000800135c                setTimer5
 .text.timerRun
                0x0000000008001384       0xd4 ./Core/Src/software_timer.o
                0x0000000008001384                timerRun
 .text.HAL_MspInit
                0x0000000008001458       0x64 ./Core/Src/stm32f1xx_hal_msp.o
                0x0000000008001458                HAL_MspInit
 .text.HAL_TIM_Base_MspInit
                0x00000000080014bc       0x48 ./Core/Src/stm32f1xx_hal_msp.o
                0x00000000080014bc                HAL_TIM_Base_MspInit
 .text.NMI_Handler
                0x0000000008001504        0x6 ./Core/Src/stm32f1xx_it.o
                0x0000000008001504                NMI_Handler
 .text.HardFault_Handler
                0x000000000800150a        0x6 ./Core/Src/stm32f1xx_it.o
                0x000000000800150a                HardFault_Handler
 .text.MemManage_Handler
                0x0000000008001510        0x6 ./Core/Src/stm32f1xx_it.o
                0x0000000008001510                MemManage_Handler
 .text.BusFault_Handler
                0x0000000008001516        0x6 ./Core/Src/stm32f1xx_it.o
                0x0000000008001516                BusFault_Handler
 .text.UsageFault_Handler
                0x000000000800151c        0x6 ./Core/Src/stm32f1xx_it.o
                0x000000000800151c                UsageFault_Handler
 .text.SVC_Handler
                0x0000000008001522        0xc ./Core/Src/stm32f1xx_it.o
                0x0000000008001522                SVC_Handler
 .text.DebugMon_Handler
                0x000000000800152e        0xc ./Core/Src/stm32f1xx_it.o
                0x000000000800152e                DebugMon_Handler
 .text.PendSV_Handler
                0x000000000800153a        0xc ./Core/Src/stm32f1xx_it.o
                0x000000000800153a                PendSV_Handler
 .text.SysTick_Handler
                0x0000000008001546        0xc ./Core/Src/stm32f1xx_it.o
                0x0000000008001546                SysTick_Handler
 *fill*         0x0000000008001552        0x2 
 .text.TIM2_IRQHandler
                0x0000000008001554       0x14 ./Core/Src/stm32f1xx_it.o
                0x0000000008001554                TIM2_IRQHandler
 .text._sbrk    0x0000000008001568       0x6c ./Core/Src/sysmem.o
                0x0000000008001568                _sbrk
 .text.SystemInit
                0x00000000080015d4        0xc ./Core/Src/system_stm32f1xx.o
                0x00000000080015d4                SystemInit
 .text.Reset_Handler
                0x00000000080015e0       0x48 ./Core/Startup/startup_stm32f103c6ux.o
                0x00000000080015e0                Reset_Handler
 .text.Default_Handler
                0x0000000008001628        0x2 ./Core/Startup/startup_stm32f103c6ux.o
                0x0000000008001628                RTC_Alarm_IRQHandler
                0x0000000008001628                EXTI2_IRQHandler
                0x0000000008001628                TIM1_CC_IRQHandler
                0x0000000008001628                PVD_IRQHandler
                0x0000000008001628                EXTI3_IRQHandler
                0x0000000008001628                EXTI0_IRQHandler
                0x0000000008001628                ADC1_2_IRQHandler
                0x0000000008001628                SPI1_IRQHandler
                0x0000000008001628                TAMPER_IRQHandler
                0x0000000008001628                DMA1_Channel4_IRQHandler
                0x0000000008001628                RTC_IRQHandler
                0x0000000008001628                DMA1_Channel7_IRQHandler
                0x0000000008001628                CAN1_RX1_IRQHandler
                0x0000000008001628                I2C1_EV_IRQHandler
                0x0000000008001628                DMA1_Channel6_IRQHandler
                0x0000000008001628                TIM3_IRQHandler
                0x0000000008001628                RCC_IRQHandler
                0x0000000008001628                TIM1_TRG_COM_IRQHandler
                0x0000000008001628                DMA1_Channel1_IRQHandler
                0x0000000008001628                Default_Handler
                0x0000000008001628                EXTI15_10_IRQHandler
                0x0000000008001628                EXTI9_5_IRQHandler
                0x0000000008001628                DMA1_Channel5_IRQHandler
                0x0000000008001628                EXTI4_IRQHandler
                0x0000000008001628                USB_LP_CAN1_RX0_IRQHandler
                0x0000000008001628                USB_HP_CAN1_TX_IRQHandler
                0x0000000008001628                DMA1_Channel3_IRQHandler
                0x0000000008001628                TIM1_UP_IRQHandler
                0x0000000008001628                WWDG_IRQHandler
                0x0000000008001628                TIM1_BRK_IRQHandler
                0x0000000008001628                EXTI1_IRQHandler
                0x0000000008001628                USART2_IRQHandler
                0x0000000008001628                DMA1_Channel2_IRQHandler
                0x0000000008001628                CAN1_SCE_IRQHandler
                0x0000000008001628                FLASH_IRQHandler
                0x0000000008001628                USART1_IRQHandler
                0x0000000008001628                I2C1_ER_IRQHandler
                0x0000000008001628                USBWakeUp_IRQHandler
 *fill*         0x000000000800162a        0x2 
 .text.HAL_Init
                0x000000000800162c       0x2c ./Drivers/STM32F1xx_HAL_Driver/Src/stm32f1xx_hal.o
                0x000000000800162c                HAL_Init
 .text.HAL_InitTick
                0x0000000008001658       0x60 ./Drivers/STM32F1xx_HAL_Driver/Src/stm32f1xx_hal.o
                0x0000000008001658                HAL_InitTick
 .text.HAL_IncTick
                0x00000000080016b8       0x24 ./Drivers/STM32F1xx_HAL_Driver/Src/stm32f1xx_hal.o
                0x00000000080016b8                HAL_IncTick
 .text.HAL_GetTick
                0x00000000080016dc       0x14 ./Drivers/STM32F1xx_HAL_Driver/Src/stm32f1xx_hal.o
                0x00000000080016dc                HAL_GetTick
 .text.__NVIC_SetPriorityGrouping
                0x00000000080016f0       0x48 ./Drivers/STM32F1xx_HAL_Driver/Src/stm32f1xx_hal_cortex.o
 .text.__NVIC_GetPriorityGrouping
                0x0000000008001738       0x1c ./Drivers/STM32F1xx_HAL_Driver/Src/stm32f1xx_hal_cortex.o
 .text.__NVIC_EnableIRQ
                0x0000000008001754       0x38 ./Drivers/STM32F1xx_HAL_Driver/Src/stm32f1xx_hal_cortex.o
 .text.__NVIC_SetPriority
                0x000000000800178c       0x54 ./Drivers/STM32F1xx_HAL_Driver/Src/stm32f1xx_hal_cortex.o
 .text.NVIC_EncodePriority
                0x00000000080017e0       0x64 ./Drivers/STM32F1xx_HAL_Driver/Src/stm32f1xx_hal_cortex.o
 .text.SysTick_Config
                0x0000000008001844       0x44 ./Drivers/STM32F1xx_HAL_Driver/Src/stm32f1xx_hal_cortex.o
 .text.HAL_NVIC_SetPriorityGrouping
                0x0000000008001888       0x16 ./Drivers/STM32F1xx_HAL_Driver/Src/stm32f1xx_hal_cortex.o
                0x0000000008001888                HAL_NVIC_SetPriorityGrouping
 .text.HAL_NVIC_SetPriority
                0x000000000800189e       0x38 ./Drivers/STM32F1xx_HAL_Driver/Src/stm32f1xx_hal_cortex.o
                0x000000000800189e                HAL_NVIC_SetPriority
 .text.HAL_NVIC_EnableIRQ
                0x00000000080018d6       0x1c ./Drivers/STM32F1xx_HAL_Driver/Src/stm32f1xx_hal_cortex.o
                0x00000000080018d6                HAL_NVIC_EnableIRQ
 .text.HAL_SYSTICK_Config
                0x00000000080018f2       0x18 ./Drivers/STM32F1xx_HAL_Driver/Src/stm32f1xx_hal_cortex.o
                0x00000000080018f2                HAL_SYSTICK_Config
 *fill*         0x000000000800190a        0x2 
 .text.HAL_GPIO_Init
                0x000000000800190c      0x2f4 ./Drivers/STM32F1xx_HAL_Driver/Src/stm32f1xx_hal_gpio.o
                0x000000000800190c                HAL_GPIO_Init
 .text.HAL_GPIO_ReadPin
                0x0000000008001c00       0x2e ./Drivers/STM32F1xx_HAL_Driver/Src/stm32f1xx_hal_gpio.o
                0x0000000008001c00                HAL_GPIO_ReadPin
 .text.HAL_GPIO_WritePin
                0x0000000008001c2e       0x30 ./Drivers/STM32F1xx_HAL_Driver/Src/stm32f1xx_hal_gpio.o
                0x0000000008001c2e                HAL_GPIO_WritePin
 .text.HAL_GPIO_TogglePin
                0x0000000008001c5e       0x32 ./Drivers/STM32F1xx_HAL_Driver/Src/stm32f1xx_hal_gpio.o
                0x0000000008001c5e                HAL_GPIO_TogglePin
 .text.HAL_PWR_EnterSLEEPMode
                0x0000000008001c90       0x38 ./Drivers/STM32F1xx_HAL_Driver/Src/stm32f1xx_hal_pwr.o
                0x0000000008001c90                HAL_PWR_EnterSLEEPMode
 .text.HAL_RCC_OscConfig
                0x0000000008001cc8      0x500 ./Drivers/STM32F1xx_HAL_Driver/Src/stm32f1xx_hal_rcc.o
                0x0000000008001cc8                HAL_RCC_OscConfig
 .text.HAL_RCC_ClockConfig
                0x00000000080021c8      0x1d4 ./Drivers/STM32F1xx_HAL_Driver/Src/stm32f1xx_hal_rcc.o
                0x00000000080021c8                HAL_RCC_ClockConfig
 .text.HAL_RCC_GetSysClockFreq
                0x000000000800239c       0xa8 ./Drivers/STM32F1xx_HAL_Driver/Src/stm32f1xx_hal_rcc.o
                0x000000000800239c                HAL_RCC_GetSysClockFreq
 .text.RCC_Delay
                0x0000000008002444       0x3c ./Drivers/STM32F1xx_HAL_Driver/Src/stm32f1xx_hal_rcc.o
 .text.HAL_TIM_Base_Init
                0x0000000008002480       0x9e ./Drivers/STM32F1xx_HAL_Driver/Src/stm32f1xx_hal_tim.o
                0x0000000008002480                HAL_TIM_Base_Init
 *fill*         0x000000000800251e        0x2 
 .text.HAL_TIM_Base_Start_IT
                0x0000000008002520       0x98 ./Drivers/STM32F1xx_HAL_Driver/Src/stm32f1xx_hal_tim.o
                0x0000000008002520                HAL_TIM_Base_Start_IT
 .text.HAL_TIM_IRQHandler
                0x00000000080025b8      0x210 ./Drivers/STM32F1xx_HAL_Driver/Src/stm32f1xx_hal_tim.o
                0x00000000080025b8                HAL_TIM_IRQHandler
 .text.HAL_TIM_ConfigClockSource
                0x00000000080027c8      0x18e ./Drivers/STM32F1xx_HAL_Driver/Src/stm32f1xx_hal_tim.o
                0x00000000080027c8                HAL_TIM_ConfigClockSource
 .text.HAL_TIM_OC_DelayElapsedCallback
                0x0000000008002956       0x12 ./Drivers/STM32F1xx_HAL_Driver/Src/stm32f1xx_hal_tim.o
                0x0000000008002956                HAL_TIM_OC_DelayElapsedCallback
 .text.HAL_TIM_IC_CaptureCallback
                0x0000000008002968       0x12 ./Drivers/STM32F1xx_HAL_Driver/Src/stm32f1xx_hal_tim.o
                0x0000000008002968                HAL_TIM_IC_CaptureCallback
 .text.HAL_TIM_PWM_PulseFinishedCallback
                0x000000000800297a       0x12 ./Drivers/STM32F1xx_HAL_Driver/Src/stm32f1xx_hal_tim.o
                0x000000000800297a                HAL_TIM_PWM_PulseFinishedCallback
 .text.HAL_TIM_TriggerCallback
                0x000000000800298c       0x12 ./Drivers/STM32F1xx_HAL_Driver/Src/stm32f1xx_hal_tim.o
                0x000000000800298c                HAL_TIM_TriggerCallback
 *fill*         0x000000000800299e        0x2 
 .text.TIM_Base_SetConfig
                0x00000000080029a0       0xb0 ./Drivers/STM32F1xx_HAL_Driver/Src/stm32f1xx_hal_tim.o
                0x00000000080029a0                TIM_Base_SetConfig
 .text.TIM_TI1_ConfigInputStage
                0x0000000008002a50       0x5c ./Drivers/STM32F1xx_HAL_Driver/Src/stm32f1xx_hal_tim.o
 .text.TIM_TI2_ConfigInputStage
                0x0000000008002aac       0x5e ./Drivers/STM32F1xx_HAL_Driver/Src/stm32f1xx_hal_tim.o
 .text.TIM_ITRx_SetConfig
                0x0000000008002b0a       0x34 ./Drivers/STM32F1xx_HAL_Driver/Src/stm32f1xx_hal_tim.o
 .text.TIM_ETR_SetConfig
                0x0000000008002b3e       0x3e ./Drivers/STM32F1xx_HAL_Driver/Src/stm32f1xx_hal_tim.o
                0x0000000008002b3e                TIM_ETR_SetConfig
 .text.HAL_TIMEx_MasterConfigSynchronization
                0x0000000008002b7c       0xb0 ./Drivers/STM32F1xx_HAL_Driver/Src/stm32f1xx_hal_tim_ex.o
                0x0000000008002b7c                HAL_TIMEx_MasterConfigSynchronization
 .text.HAL_TIMEx_CommutCallback
                0x0000000008002c2c       0x12 ./Drivers/STM32F1xx_HAL_Driver/Src/stm32f1xx_hal_tim_ex.o
                0x0000000008002c2c                HAL_TIMEx_CommutCallback
 .text.HAL_TIMEx_BreakCallback
                0x0000000008002c3e       0x12 ./Drivers/STM32F1xx_HAL_Driver/Src/stm32f1xx_hal_tim_ex.o
                0x0000000008002c3e                HAL_TIMEx_BreakCallback
 .text.__errno  0x0000000008002c50        0xc c:/st/stm32cubeide_1.7.0/stm32cubeide/plugins/com.st.stm32cube.ide.mcu.externaltools.gnu-tools-for-stm32.9-2020-q2-update.win32_2.0.0.202105311346/tools/bin/../lib/gcc/arm-none-eabi/9.3.1/../../../../arm-none-eabi/lib/thumb/v7-m/nofp\libc_nano.a(lib_a-errno.o)
                0x0000000008002c50                __errno
 .text.__libc_init_array
                0x0000000008002c5c       0x48 c:/st/stm32cubeide_1.7.0/stm32cubeide/plugins/com.st.stm32cube.ide.mcu.externaltools.gnu-tools-for-stm32.9-2020-q2-update.win32_2.0.0.202105311346/tools/bin/../lib/gcc/arm-none-eabi/9.3.1/../../../../arm-none-eabi/lib/thumb/v7-m/nofp\libc_nano.a(lib_a-init.o)
                0x0000000008002c5c                __libc_init_array
 .text.malloc   0x0000000008002ca4       0x10 c:/st/stm32cubeide_1.7.0/stm32cubeide/plugins/com.st.stm32cube.ide.mcu.externaltools.gnu-tools-for-stm32.9-2020-q2-update.win32_2.0.0.202105311346/tools/bin/../lib/gcc/arm-none-eabi/9.3.1/../../../../arm-none-eabi/lib/thumb/v7-m/nofp\libc_nano.a(lib_a-malloc.o)
                0x0000000008002ca4                malloc
 .text.free     0x0000000008002cb4       0x10 c:/st/stm32cubeide_1.7.0/stm32cubeide/plugins/com.st.stm32cube.ide.mcu.externaltools.gnu-tools-for-stm32.9-2020-q2-update.win32_2.0.0.202105311346/tools/bin/../lib/gcc/arm-none-eabi/9.3.1/../../../../arm-none-eabi/lib/thumb/v7-m/nofp\libc_nano.a(lib_a-malloc.o)
                0x0000000008002cb4                free
 .text.memset   0x0000000008002cc4       0x10 c:/st/stm32cubeide_1.7.0/stm32cubeide/plugins/com.st.stm32cube.ide.mcu.externaltools.gnu-tools-for-stm32.9-2020-q2-update.win32_2.0.0.202105311346/tools/bin/../lib/gcc/arm-none-eabi/9.3.1/../../../../arm-none-eabi/lib/thumb/v7-m/nofp\libc_nano.a(lib_a-memset.o)
                0x0000000008002cc4                memset
 .text._free_r  0x0000000008002cd4       0x98 c:/st/stm32cubeide_1.7.0/stm32cubeide/plugins/com.st.stm32cube.ide.mcu.externaltools.gnu-tools-for-stm32.9-2020-q2-update.win32_2.0.0.202105311346/tools/bin/../lib/gcc/arm-none-eabi/9.3.1/../../../../arm-none-eabi/lib/thumb/v7-m/nofp\libc_nano.a(lib_a-nano-freer.o)
                0x0000000008002cd4                _free_r
 .text._malloc_r
                0x0000000008002d6c       0xb4 c:/st/stm32cubeide_1.7.0/stm32cubeide/plugins/com.st.stm32cube.ide.mcu.externaltools.gnu-tools-for-stm32.9-2020-q2-update.win32_2.0.0.202105311346/tools/bin/../lib/gcc/arm-none-eabi/9.3.1/../../../../arm-none-eabi/lib/thumb/v7-m/nofp\libc_nano.a(lib_a-nano-mallocr.o)
                0x0000000008002d6c                _malloc_r
 .text._sbrk_r  0x0000000008002e20       0x20 c:/st/stm32cubeide_1.7.0/stm32cubeide/plugins/com.st.stm32cube.ide.mcu.externaltools.gnu-tools-for-stm32.9-2020-q2-update.win32_2.0.0.202105311346/tools/bin/../lib/gcc/arm-none-eabi/9.3.1/../../../../arm-none-eabi/lib/thumb/v7-m/nofp\libc_nano.a(lib_a-sbrkr.o)
                0x0000000008002e20                _sbrk_r
 .text.__malloc_lock
                0x0000000008002e40        0xc c:/st/stm32cubeide_1.7.0/stm32cubeide/plugins/com.st.stm32cube.ide.mcu.externaltools.gnu-tools-for-stm32.9-2020-q2-update.win32_2.0.0.202105311346/tools/bin/../lib/gcc/arm-none-eabi/9.3.1/../../../../arm-none-eabi/lib/thumb/v7-m/nofp\libc_nano.a(lib_a-mlock.o)
                0x0000000008002e40                __malloc_lock
 .text.__malloc_unlock
                0x0000000008002e4c        0xc c:/st/stm32cubeide_1.7.0/stm32cubeide/plugins/com.st.stm32cube.ide.mcu.externaltools.gnu-tools-for-stm32.9-2020-q2-update.win32_2.0.0.202105311346/tools/bin/../lib/gcc/arm-none-eabi/9.3.1/../../../../arm-none-eabi/lib/thumb/v7-m/nofp\libc_nano.a(lib_a-mlock.o)
                0x0000000008002e4c                __malloc_unlock
 .text.__retarget_lock_acquire_recursive
                0x0000000008002e58        0x2 c:/st/stm32cubeide_1.7.0/stm32cubeide/plugins/com.st.stm32cube.ide.mcu.externaltools.gnu-tools-for-stm32.9-2020-q2-update.win32_2.0.0.202105311346/tools/bin/../lib/gcc/arm-none-eabi/9.3.1/../../../../arm-none-eabi/lib/thumb/v7-m/nofp\libc_nano.a(lib_a-lock.o)
                0x0000000008002e58                __retarget_lock_acquire_recursive
 .text.__retarget_lock_release_recursive
                0x0000000008002e5a        0x2 c:/st/stm32cubeide_1.7.0/stm32cubeide/plugins/com.st.stm32cube.ide.mcu.externaltools.gnu-tools-for-stm32.9-2020-q2-update.win32_2.0.0.202105311346/tools/bin/../lib/gcc/arm-none-eabi/9.3.1/../../../../arm-none-eabi/lib/thumb/v7-m/nofp\libc_nano.a(lib_a-lock.o)
                0x0000000008002e5a                __retarget_lock_release_recursive
 *(.glue_7)
 .glue_7        0x0000000008002e5c        0x0 linker stubs
 *(.glue_7t)
 .glue_7t       0x0000000008002e5c        0x0 linker stubs
 *(.eh_frame)
 .eh_frame      0x0000000008002e5c        0x0 c:/st/stm32cubeide_1.7.0/stm32cubeide/plugins/com.st.stm32cube.ide.mcu.externaltools.gnu-tools-for-stm32.9-2020-q2-update.win32_2.0.0.202105311346/tools/bin/../lib/gcc/arm-none-eabi/9.3.1/thumb/v7-m/nofp/crtbegin.o
 *(.init)
 .init          0x0000000008002e5c        0x4 c:/st/stm32cubeide_1.7.0/stm32cubeide/plugins/com.st.stm32cube.ide.mcu.externaltools.gnu-tools-for-stm32.9-2020-q2-update.win32_2.0.0.202105311346/tools/bin/../lib/gcc/arm-none-eabi/9.3.1/thumb/v7-m/nofp/crti.o
                0x0000000008002e5c                _init
 .init          0x0000000008002e60        0x8 c:/st/stm32cubeide_1.7.0/stm32cubeide/plugins/com.st.stm32cube.ide.mcu.externaltools.gnu-tools-for-stm32.9-2020-q2-update.win32_2.0.0.202105311346/tools/bin/../lib/gcc/arm-none-eabi/9.3.1/thumb/v7-m/nofp/crtn.o
 *(.fini)
 .fini          0x0000000008002e68        0x4 c:/st/stm32cubeide_1.7.0/stm32cubeide/plugins/com.st.stm32cube.ide.mcu.externaltools.gnu-tools-for-stm32.9-2020-q2-update.win32_2.0.0.202105311346/tools/bin/../lib/gcc/arm-none-eabi/9.3.1/thumb/v7-m/nofp/crti.o
                0x0000000008002e68                _fini
 .fini          0x0000000008002e6c        0x8 c:/st/stm32cubeide_1.7.0/stm32cubeide/plugins/com.st.stm32cube.ide.mcu.externaltools.gnu-tools-for-stm32.9-2020-q2-update.win32_2.0.0.202105311346/tools/bin/../lib/gcc/arm-none-eabi/9.3.1/thumb/v7-m/nofp/crtn.o
                0x0000000008002e74                . = ALIGN (0x4)
                0x0000000008002e74                _etext = .

.vfp11_veneer   0x0000000008002e74        0x0
 .vfp11_veneer  0x0000000008002e74        0x0 linker stubs

.v4_bx          0x0000000008002e74        0x0
 .v4_bx         0x0000000008002e74        0x0 linker stubs

.iplt           0x0000000008002e74        0x0
 .iplt          0x0000000008002e74        0x0 c:/st/stm32cubeide_1.7.0/stm32cubeide/plugins/com.st.stm32cube.ide.mcu.externaltools.gnu-tools-for-stm32.9-2020-q2-update.win32_2.0.0.202105311346/tools/bin/../lib/gcc/arm-none-eabi/9.3.1/thumb/v7-m/nofp/crtbegin.o

.rodata         0x0000000008002e74       0x24
                0x0000000008002e74                . = ALIGN (0x4)
 *(.rodata)
 *(.rodata*)
 .rodata.AHBPrescTable
                0x0000000008002e74       0x10 ./Core/Src/system_stm32f1xx.o
                0x0000000008002e74                AHBPrescTable
 .rodata.aPLLMULFactorTable.6032
                0x0000000008002e84       0x10 ./Drivers/STM32F1xx_HAL_Driver/Src/stm32f1xx_hal_rcc.o
 .rodata.aPredivFactorTable.6033
                0x0000000008002e94        0x2 ./Drivers/STM32F1xx_HAL_Driver/Src/stm32f1xx_hal_rcc.o
                0x0000000008002e98                . = ALIGN (0x4)
 *fill*         0x0000000008002e96        0x2 

.rel.dyn        0x0000000008002e98        0x0
 .rel.iplt      0x0000000008002e98        0x0 c:/st/stm32cubeide_1.7.0/stm32cubeide/plugins/com.st.stm32cube.ide.mcu.externaltools.gnu-tools-for-stm32.9-2020-q2-update.win32_2.0.0.202105311346/tools/bin/../lib/gcc/arm-none-eabi/9.3.1/thumb/v7-m/nofp/crtbegin.o

.ARM.extab      0x0000000008002e98        0x0
                0x0000000008002e98                . = ALIGN (0x4)
 *(.ARM.extab* .gnu.linkonce.armextab.*)
                0x0000000008002e98                . = ALIGN (0x4)

.ARM            0x0000000008002e98        0x0
                0x0000000008002e98                . = ALIGN (0x4)
                0x0000000008002e98                __exidx_start = .
 *(.ARM.exidx*)
                0x0000000008002e98                __exidx_end = .
                0x0000000008002e98                . = ALIGN (0x4)

.preinit_array  0x0000000008002e98        0x0
                0x0000000008002e98                . = ALIGN (0x4)
                0x0000000008002e98                PROVIDE (__preinit_array_start = .)
 *(.preinit_array*)
                0x0000000008002e98                PROVIDE (__preinit_array_end = .)
                0x0000000008002e98                . = ALIGN (0x4)

.init_array     0x0000000008002e98        0x4
                0x0000000008002e98                . = ALIGN (0x4)
                0x0000000008002e98                PROVIDE (__init_array_start = .)
 *(SORT_BY_NAME(.init_array.*))
 *(.init_array*)
 .init_array    0x0000000008002e98        0x4 c:/st/stm32cubeide_1.7.0/stm32cubeide/plugins/com.st.stm32cube.ide.mcu.externaltools.gnu-tools-for-stm32.9-2020-q2-update.win32_2.0.0.202105311346/tools/bin/../lib/gcc/arm-none-eabi/9.3.1/thumb/v7-m/nofp/crtbegin.o
                0x0000000008002e9c                PROVIDE (__init_array_end = .)
                0x0000000008002e9c                . = ALIGN (0x4)

.fini_array     0x0000000008002e9c        0x4
                0x0000000008002e9c                . = ALIGN (0x4)
                [!provide]                        PROVIDE (__fini_array_start = .)
 *(SORT_BY_NAME(.fini_array.*))
 *(.fini_array*)
 .fini_array    0x0000000008002e9c        0x4 c:/st/stm32cubeide_1.7.0/stm32cubeide/plugins/com.st.stm32cube.ide.mcu.externaltools.gnu-tools-for-stm32.9-2020-q2-update.win32_2.0.0.202105311346/tools/bin/../lib/gcc/arm-none-eabi/9.3.1/thumb/v7-m/nofp/crtbegin.o
                [!provide]                        PROVIDE (__fini_array_end = .)
                0x0000000008002ea0                . = ALIGN (0x4)
                0x0000000008002ea0                _sidata = LOADADDR (.data)

.data           0x0000000020000000       0x8c load address 0x0000000008002ea0
                0x0000000020000000                . = ALIGN (0x4)
                0x0000000020000000                _sdata = .
 *(.data)
 *(.data*)
 .data.timeRed  0x0000000020000000        0x4 ./Core/Src/global.o
                0x0000000020000000                timeRed
 .data.timeYellow
                0x0000000020000004        0x4 ./Core/Src/global.o
                0x0000000020000004                timeYellow
 .data.timeGreen
                0x0000000020000008        0x4 ./Core/Src/global.o
                0x0000000020000008                timeGreen
 .data.buttonBuffer
                0x000000002000000c        0x3 ./Core/Src/input_reading.o
 *fill*         0x000000002000000f        0x1 
 .data.buttonPin
                0x0000000020000010        0xc ./Core/Src/input_reading.o
 .data.SystemCoreClock
                0x000000002000001c        0x4 ./Core/Src/system_stm32f1xx.o
                0x000000002000001c                SystemCoreClock
 .data.uwTickPrio
                0x0000000020000020        0x4 ./Drivers/STM32F1xx_HAL_Driver/Src/stm32f1xx_hal.o
                0x0000000020000020                uwTickPrio
 .data.uwTickFreq
                0x0000000020000024        0x1 ./Drivers/STM32F1xx_HAL_Driver/Src/stm32f1xx_hal.o
                0x0000000020000024                uwTickFreq
 *fill*         0x0000000020000025        0x3 
 .data._impure_ptr
                0x0000000020000028        0x4 c:/st/stm32cubeide_1.7.0/stm32cubeide/plugins/com.st.stm32cube.ide.mcu.externaltools.gnu-tools-for-stm32.9-2020-q2-update.win32_2.0.0.202105311346/tools/bin/../lib/gcc/arm-none-eabi/9.3.1/../../../../arm-none-eabi/lib/thumb/v7-m/nofp\libc_nano.a(lib_a-impure.o)
                0x0000000020000028                _impure_ptr
 .data.impure_data
                0x000000002000002c       0x60 c:/st/stm32cubeide_1.7.0/stm32cubeide/plugins/com.st.stm32cube.ide.mcu.externaltools.gnu-tools-for-stm32.9-2020-q2-update.win32_2.0.0.202105311346/tools/bin/../lib/gcc/arm-none-eabi/9.3.1/../../../../arm-none-eabi/lib/thumb/v7-m/nofp\libc_nano.a(lib_a-impure.o)
 *(.RamFunc)
 *(.RamFunc*)
                0x000000002000008c                . = ALIGN (0x4)
                0x000000002000008c                _edata = .

.igot.plt       0x000000002000008c        0x0 load address 0x0000000008002f2c
 .igot.plt      0x000000002000008c        0x0 c:/st/stm32cubeide_1.7.0/stm32cubeide/plugins/com.st.stm32cube.ide.mcu.externaltools.gnu-tools-for-stm32.9-2020-q2-update.win32_2.0.0.202105311346/tools/bin/../lib/gcc/arm-none-eabi/9.3.1/thumb/v7-m/nofp/crtbegin.o
                0x000000002000008c                . = ALIGN (0x4)

.bss            0x000000002000008c       0xf0 load address 0x0000000008002f2c
                0x000000002000008c                _sbss = .
                0x000000002000008c                __bss_start__ = _sbss
 *(.bss)
 .bss           0x000000002000008c       0x1c c:/st/stm32cubeide_1.7.0/stm32cubeide/plugins/com.st.stm32cube.ide.mcu.externaltools.gnu-tools-for-stm32.9-2020-q2-update.win32_2.0.0.202105311346/tools/bin/../lib/gcc/arm-none-eabi/9.3.1/thumb/v7-m/nofp/crtbegin.o
 *(.bss*)
 .bss.status    0x00000000200000a8        0x4 ./Core/Src/global.o
                0x00000000200000a8                status
 .bss.led_buffer
                0x00000000200000ac       0x10 ./Core/Src/global.o
                0x00000000200000ac                led_buffer
 .bss.time1     0x00000000200000bc        0x4 ./Core/Src/global.o
                0x00000000200000bc                time1
 .bss.time2     0x00000000200000c0        0x4 ./Core/Src/global.o
                0x00000000200000c0                time2
 .bss.buttonTimeOut
                0x00000000200000c4        0xc ./Core/Src/input_reading.o
                0x00000000200000c4                buttonTimeOut
 .bss.debounceButtonBuffer1
                0x00000000200000d0        0x3 ./Core/Src/input_reading.o
 *fill*         0x00000000200000d3        0x1 
 .bss.debounceButtonBuffer2
                0x00000000200000d4        0x3 ./Core/Src/input_reading.o
 *fill*         0x00000000200000d7        0x1 
 .bss.debounceButtonBuffer3
                0x00000000200000d8        0x3 ./Core/Src/input_reading.o
 *fill*         0x00000000200000db        0x1 
 .bss.buttonFlag
                0x00000000200000dc        0xc ./Core/Src/input_reading.o
                0x00000000200000dc                buttonFlag
 .bss.head      0x00000000200000e8        0x4 ./Core/Src/scheduler.o
                0x00000000200000e8                head
 .bss.timer1_counter
                0x00000000200000ec        0x4 ./Core/Src/software_timer.o
                0x00000000200000ec                timer1_counter
 .bss.timer1_flag
                0x00000000200000f0        0x4 ./Core/Src/software_timer.o
                0x00000000200000f0                timer1_flag
 .bss.timer2_counter
                0x00000000200000f4        0x4 ./Core/Src/software_timer.o
                0x00000000200000f4                timer2_counter
 .bss.timer2_flag
                0x00000000200000f8        0x4 ./Core/Src/software_timer.o
                0x00000000200000f8                timer2_flag
 .bss.timer3_counter
                0x00000000200000fc        0x4 ./Core/Src/software_timer.o
                0x00000000200000fc                timer3_counter
 .bss.timer3_flag
                0x0000000020000100        0x4 ./Core/Src/software_timer.o
                0x0000000020000100                timer3_flag
 .bss.timer4_counter
                0x0000000020000104        0x4 ./Core/Src/software_timer.o
                0x0000000020000104                timer4_counter
 .bss.timer4_flag
                0x0000000020000108        0x4 ./Core/Src/software_timer.o
                0x0000000020000108                timer4_flag
 .bss.timer5_counter
                0x000000002000010c        0x4 ./Core/Src/software_timer.o
                0x000000002000010c                timer5_counter
 .bss.timer5_flag
                0x0000000020000110        0x4 ./Core/Src/software_timer.o
                0x0000000020000110                timer5_flag
 .bss.__sbrk_heap_end
                0x0000000020000114        0x4 ./Core/Src/sysmem.o
 .bss.__malloc_free_list
                0x0000000020000118        0x4 c:/st/stm32cubeide_1.7.0/stm32cubeide/plugins/com.st.stm32cube.ide.mcu.externaltools.gnu-tools-for-stm32.9-2020-q2-update.win32_2.0.0.202105311346/tools/bin/../lib/gcc/arm-none-eabi/9.3.1/../../../../arm-none-eabi/lib/thumb/v7-m/nofp\libc_nano.a(lib_a-nano-mallocr.o)
                0x0000000020000118                __malloc_free_list
 .bss.__malloc_sbrk_start
                0x000000002000011c        0x4 c:/st/stm32cubeide_1.7.0/stm32cubeide/plugins/com.st.stm32cube.ide.mcu.externaltools.gnu-tools-for-stm32.9-2020-q2-update.win32_2.0.0.202105311346/tools/bin/../lib/gcc/arm-none-eabi/9.3.1/../../../../arm-none-eabi/lib/thumb/v7-m/nofp\libc_nano.a(lib_a-nano-mallocr.o)
                0x000000002000011c                __malloc_sbrk_start
 *(COMMON)
 COMMON         0x0000000020000120       0x48 ./Core/Src/main.o
                0x0000000020000120                htim2
 COMMON         0x0000000020000168        0x4 ./Drivers/STM32F1xx_HAL_Driver/Src/stm32f1xx_hal.o
                0x0000000020000168                uwTick
 COMMON         0x000000002000016c        0x4 c:/st/stm32cubeide_1.7.0/stm32cubeide/plugins/com.st.stm32cube.ide.mcu.externaltools.gnu-tools-for-stm32.9-2020-q2-update.win32_2.0.0.202105311346/tools/bin/../lib/gcc/arm-none-eabi/9.3.1/../../../../arm-none-eabi/lib/thumb/v7-m/nofp\libc_nano.a(lib_a-reent.o)
                0x000000002000016c                errno
 COMMON         0x0000000020000170        0x9 c:/st/stm32cubeide_1.7.0/stm32cubeide/plugins/com.st.stm32cube.ide.mcu.externaltools.gnu-tools-for-stm32.9-2020-q2-update.win32_2.0.0.202105311346/tools/bin/../lib/gcc/arm-none-eabi/9.3.1/../../../../arm-none-eabi/lib/thumb/v7-m/nofp\libc_nano.a(lib_a-lock.o)
                0x0000000020000170                __lock___atexit_recursive_mutex
                0x0000000020000171                __lock___arc4random_mutex
                0x0000000020000172                __lock___env_recursive_mutex
                0x0000000020000173                __lock___sinit_recursive_mutex
                0x0000000020000174                __lock___malloc_recursive_mutex
                0x0000000020000175                __lock___at_quick_exit_mutex
                0x0000000020000176                __lock___dd_hash_mutex
                0x0000000020000177                __lock___tz_mutex
                0x0000000020000178                __lock___sfp_recursive_mutex
                0x000000002000017c                . = ALIGN (0x4)
 *fill*         0x0000000020000179        0x3 
                0x000000002000017c                _ebss = .
                0x000000002000017c                __bss_end__ = _ebss

._user_heap_stack
                0x000000002000017c      0x604 load address 0x0000000008002f2c
                0x0000000020000180                . = ALIGN (0x8)
 *fill*         0x000000002000017c        0x4 
                [!provide]                        PROVIDE (end = .)
                0x0000000020000180                PROVIDE (_end = .)
                0x0000000020000380                . = (. + _Min_Heap_Size)
 *fill*         0x0000000020000180      0x200 
                0x0000000020000780                . = (. + _Min_Stack_Size)
 *fill*         0x0000000020000380      0x400 
                0x0000000020000780                . = ALIGN (0x8)

/DISCARD/
 libc.a(*)
 libm.a(*)
 libgcc.a(*)

.ARM.attributes
                0x0000000000000000       0x29
 *(.ARM.attributes)
 .ARM.attributes
                0x0000000000000000       0x1d c:/st/stm32cubeide_1.7.0/stm32cubeide/plugins/com.st.stm32cube.ide.mcu.externaltools.gnu-tools-for-stm32.9-2020-q2-update.win32_2.0.0.202105311346/tools/bin/../lib/gcc/arm-none-eabi/9.3.1/thumb/v7-m/nofp/crti.o
 .ARM.attributes
                0x000000000000001d       0x2d c:/st/stm32cubeide_1.7.0/stm32cubeide/plugins/com.st.stm32cube.ide.mcu.externaltools.gnu-tools-for-stm32.9-2020-q2-update.win32_2.0.0.202105311346/tools/bin/../lib/gcc/arm-none-eabi/9.3.1/thumb/v7-m/nofp/crtbegin.o
 .ARM.attributes
                0x000000000000004a       0x2d ./Core/Src/display7SEG.o
 .ARM.attributes
                0x0000000000000077       0x2d ./Core/Src/displayLed.o
 .ARM.attributes
                0x00000000000000a4       0x2d ./Core/Src/fsm_normal_state.o
 .ARM.attributes
                0x00000000000000d1       0x33 ./Core/Src/global.o
 .ARM.attributes
                0x0000000000000104       0x2d ./Core/Src/input_reading.o
 .ARM.attributes
                0x0000000000000131       0x2d ./Core/Src/main.o
 .ARM.attributes
                0x000000000000015e       0x2d ./Core/Src/scheduler.o
 .ARM.attributes
                0x000000000000018b       0x2d ./Core/Src/software_timer.o
 .ARM.attributes
                0x00000000000001b8       0x2d ./Core/Src/stm32f1xx_hal_msp.o
 .ARM.attributes
                0x00000000000001e5       0x2d ./Core/Src/stm32f1xx_it.o
 .ARM.attributes
                0x0000000000000212       0x2d ./Core/Src/sysmem.o
 .ARM.attributes
                0x000000000000023f       0x2d ./Core/Src/system_stm32f1xx.o
 .ARM.attributes
                0x000000000000026c       0x21 ./Core/Startup/startup_stm32f103c6ux.o
 .ARM.attributes
                0x000000000000028d       0x2d ./Drivers/STM32F1xx_HAL_Driver/Src/stm32f1xx_hal.o
 .ARM.attributes
                0x00000000000002ba       0x2d ./Drivers/STM32F1xx_HAL_Driver/Src/stm32f1xx_hal_cortex.o
 .ARM.attributes
                0x00000000000002e7       0x2d ./Drivers/STM32F1xx_HAL_Driver/Src/stm32f1xx_hal_gpio.o
 .ARM.attributes
                0x0000000000000314       0x2d ./Drivers/STM32F1xx_HAL_Driver/Src/stm32f1xx_hal_pwr.o
 .ARM.attributes
                0x0000000000000341       0x2d ./Drivers/STM32F1xx_HAL_Driver/Src/stm32f1xx_hal_rcc.o
 .ARM.attributes
                0x000000000000036e       0x2d ./Drivers/STM32F1xx_HAL_Driver/Src/stm32f1xx_hal_tim.o
 .ARM.attributes
                0x000000000000039b       0x2d ./Drivers/STM32F1xx_HAL_Driver/Src/stm32f1xx_hal_tim_ex.o
 .ARM.attributes
                0x00000000000003c8       0x2d c:/st/stm32cubeide_1.7.0/stm32cubeide/plugins/com.st.stm32cube.ide.mcu.externaltools.gnu-tools-for-stm32.9-2020-q2-update.win32_2.0.0.202105311346/tools/bin/../lib/gcc/arm-none-eabi/9.3.1/../../../../arm-none-eabi/lib/thumb/v7-m/nofp\libc_nano.a(lib_a-errno.o)
 .ARM.attributes
                0x00000000000003f5       0x2d c:/st/stm32cubeide_1.7.0/stm32cubeide/plugins/com.st.stm32cube.ide.mcu.externaltools.gnu-tools-for-stm32.9-2020-q2-update.win32_2.0.0.202105311346/tools/bin/../lib/gcc/arm-none-eabi/9.3.1/../../../../arm-none-eabi/lib/thumb/v7-m/nofp\libc_nano.a(lib_a-impure.o)
 .ARM.attributes
                0x0000000000000422       0x2d c:/st/stm32cubeide_1.7.0/stm32cubeide/plugins/com.st.stm32cube.ide.mcu.externaltools.gnu-tools-for-stm32.9-2020-q2-update.win32_2.0.0.202105311346/tools/bin/../lib/gcc/arm-none-eabi/9.3.1/../../../../arm-none-eabi/lib/thumb/v7-m/nofp\libc_nano.a(lib_a-init.o)
 .ARM.attributes
                0x000000000000044f       0x2d c:/st/stm32cubeide_1.7.0/stm32cubeide/plugins/com.st.stm32cube.ide.mcu.externaltools.gnu-tools-for-stm32.9-2020-q2-update.win32_2.0.0.202105311346/tools/bin/../lib/gcc/arm-none-eabi/9.3.1/../../../../arm-none-eabi/lib/thumb/v7-m/nofp\libc_nano.a(lib_a-malloc.o)
 .ARM.attributes
                0x000000000000047c       0x2d c:/st/stm32cubeide_1.7.0/stm32cubeide/plugins/com.st.stm32cube.ide.mcu.externaltools.gnu-tools-for-stm32.9-2020-q2-update.win32_2.0.0.202105311346/tools/bin/../lib/gcc/arm-none-eabi/9.3.1/../../../../arm-none-eabi/lib/thumb/v7-m/nofp\libc_nano.a(lib_a-memset.o)
 .ARM.attributes
                0x00000000000004a9       0x2d c:/st/stm32cubeide_1.7.0/stm32cubeide/plugins/com.st.stm32cube.ide.mcu.externaltools.gnu-tools-for-stm32.9-2020-q2-update.win32_2.0.0.202105311346/tools/bin/../lib/gcc/arm-none-eabi/9.3.1/../../../../arm-none-eabi/lib/thumb/v7-m/nofp\libc_nano.a(lib_a-nano-freer.o)
 .ARM.attributes
                0x00000000000004d6       0x2d c:/st/stm32cubeide_1.7.0/stm32cubeide/plugins/com.st.stm32cube.ide.mcu.externaltools.gnu-tools-for-stm32.9-2020-q2-update.win32_2.0.0.202105311346/tools/bin/../lib/gcc/arm-none-eabi/9.3.1/../../../../arm-none-eabi/lib/thumb/v7-m/nofp\libc_nano.a(lib_a-nano-mallocr.o)
 .ARM.attributes
                0x0000000000000503       0x2d c:/st/stm32cubeide_1.7.0/stm32cubeide/plugins/com.st.stm32cube.ide.mcu.externaltools.gnu-tools-for-stm32.9-2020-q2-update.win32_2.0.0.202105311346/tools/bin/../lib/gcc/arm-none-eabi/9.3.1/../../../../arm-none-eabi/lib/thumb/v7-m/nofp\libc_nano.a(lib_a-sbrkr.o)
 .ARM.attributes
                0x0000000000000530       0x2d c:/st/stm32cubeide_1.7.0/stm32cubeide/plugins/com.st.stm32cube.ide.mcu.externaltools.gnu-tools-for-stm32.9-2020-q2-update.win32_2.0.0.202105311346/tools/bin/../lib/gcc/arm-none-eabi/9.3.1/../../../../arm-none-eabi/lib/thumb/v7-m/nofp\libc_nano.a(lib_a-mlock.o)
 .ARM.attributes
                0x000000000000055d       0x2d c:/st/stm32cubeide_1.7.0/stm32cubeide/plugins/com.st.stm32cube.ide.mcu.externaltools.gnu-tools-for-stm32.9-2020-q2-update.win32_2.0.0.202105311346/tools/bin/../lib/gcc/arm-none-eabi/9.3.1/../../../../arm-none-eabi/lib/thumb/v7-m/nofp\libc_nano.a(lib_a-reent.o)
 .ARM.attributes
                0x000000000000058a       0x2d c:/st/stm32cubeide_1.7.0/stm32cubeide/plugins/com.st.stm32cube.ide.mcu.externaltools.gnu-tools-for-stm32.9-2020-q2-update.win32_2.0.0.202105311346/tools/bin/../lib/gcc/arm-none-eabi/9.3.1/../../../../arm-none-eabi/lib/thumb/v7-m/nofp\libc_nano.a(lib_a-lock.o)
 .ARM.attributes
                0x00000000000005b7       0x1d c:/st/stm32cubeide_1.7.0/stm32cubeide/plugins/com.st.stm32cube.ide.mcu.externaltools.gnu-tools-for-stm32.9-2020-q2-update.win32_2.0.0.202105311346/tools/bin/../lib/gcc/arm-none-eabi/9.3.1/thumb/v7-m/nofp/crtn.o
OUTPUT(lab5.elf elf32-littlearm)
LOAD linker stubs
LOAD c:/st/stm32cubeide_1.7.0/stm32cubeide/plugins/com.st.stm32cube.ide.mcu.externaltools.gnu-tools-for-stm32.9-2020-q2-update.win32_2.0.0.202105311346/tools/bin/../lib/gcc/arm-none-eabi/9.3.1/../../../../arm-none-eabi/lib/thumb/v7-m/nofp\libc.a
LOAD c:/st/stm32cubeide_1.7.0/stm32cubeide/plugins/com.st.stm32cube.ide.mcu.externaltools.gnu-tools-for-stm32.9-2020-q2-update.win32_2.0.0.202105311346/tools/bin/../lib/gcc/arm-none-eabi/9.3.1/../../../../arm-none-eabi/lib/thumb/v7-m/nofp\libm.a
LOAD c:/st/stm32cubeide_1.7.0/stm32cubeide/plugins/com.st.stm32cube.ide.mcu.externaltools.gnu-tools-for-stm32.9-2020-q2-update.win32_2.0.0.202105311346/tools/bin/../lib/gcc/arm-none-eabi/9.3.1/thumb/v7-m/nofp\libgcc.a

.debug_info     0x0000000000000000     0xb342
 .debug_info    0x0000000000000000      0x363 ./Core/Src/display7SEG.o
 .debug_info    0x0000000000000363      0x2e1 ./Core/Src/displayLed.o
 .debug_info    0x0000000000000644      0x29d ./Core/Src/fsm_normal_state.o
 .debug_info    0x00000000000008e1      0x2b6 ./Core/Src/global.o
 .debug_info    0x0000000000000b97      0x32b ./Core/Src/input_reading.o
 .debug_info    0x0000000000000ec2      0xc84 ./Core/Src/main.o
 .debug_info    0x0000000000001b46      0xbd6 ./Core/Src/scheduler.o
 .debug_info    0x000000000000271c      0x200 ./Core/Src/software_timer.o
 .debug_info    0x000000000000291c      0xa09 ./Core/Src/stm32f1xx_hal_msp.o
 .debug_info    0x0000000000003325      0x7b9 ./Core/Src/stm32f1xx_it.o
 .debug_info    0x0000000000003ade      0xa25 ./Core/Src/sysmem.o
 .debug_info    0x0000000000004503      0x2be ./Core/Src/system_stm32f1xx.o
 .debug_info    0x00000000000047c1       0x22 ./Core/Startup/startup_stm32f103c6ux.o
 .debug_info    0x00000000000047e3      0x74c ./Drivers/STM32F1xx_HAL_Driver/Src/stm32f1xx_hal.o
 .debug_info    0x0000000000004f2f      0xbbe ./Drivers/STM32F1xx_HAL_Driver/Src/stm32f1xx_hal_cortex.o
 .debug_info    0x0000000000005aed      0x701 ./Drivers/STM32F1xx_HAL_Driver/Src/stm32f1xx_hal_gpio.o
 .debug_info    0x00000000000061ee      0x730 ./Drivers/STM32F1xx_HAL_Driver/Src/stm32f1xx_hal_pwr.o
 .debug_info    0x000000000000691e      0x893 ./Drivers/STM32F1xx_HAL_Driver/Src/stm32f1xx_hal_rcc.o
 .debug_info    0x00000000000071b1     0x2c12 ./Drivers/STM32F1xx_HAL_Driver/Src/stm32f1xx_hal_tim.o
 .debug_info    0x0000000000009dc3     0x157f ./Drivers/STM32F1xx_HAL_Driver/Src/stm32f1xx_hal_tim_ex.o

.debug_abbrev   0x0000000000000000     0x20fb
 .debug_abbrev  0x0000000000000000      0x157 ./Core/Src/display7SEG.o
 .debug_abbrev  0x0000000000000157       0xff ./Core/Src/displayLed.o
 .debug_abbrev  0x0000000000000256       0xf3 ./Core/Src/fsm_normal_state.o
 .debug_abbrev  0x0000000000000349       0xa9 ./Core/Src/global.o
 .debug_abbrev  0x00000000000003f2      0x165 ./Core/Src/input_reading.o
 .debug_abbrev  0x0000000000000557      0x22e ./Core/Src/main.o
 .debug_abbrev  0x0000000000000785      0x248 ./Core/Src/scheduler.o
 .debug_abbrev  0x00000000000009cd       0xb0 ./Core/Src/software_timer.o
 .debug_abbrev  0x0000000000000a7d      0x1b7 ./Core/Src/stm32f1xx_hal_msp.o
 .debug_abbrev  0x0000000000000c34      0x176 ./Core/Src/stm32f1xx_it.o
 .debug_abbrev  0x0000000000000daa      0x1bf ./Core/Src/sysmem.o
 .debug_abbrev  0x0000000000000f69      0x14e ./Core/Src/system_stm32f1xx.o
 .debug_abbrev  0x00000000000010b7       0x12 ./Core/Startup/startup_stm32f103c6ux.o
 .debug_abbrev  0x00000000000010c9      0x1ed ./Drivers/STM32F1xx_HAL_Driver/Src/stm32f1xx_hal.o
 .debug_abbrev  0x00000000000012b6      0x313 ./Drivers/STM32F1xx_HAL_Driver/Src/stm32f1xx_hal_cortex.o
 .debug_abbrev  0x00000000000015c9      0x1e8 ./Drivers/STM32F1xx_HAL_Driver/Src/stm32f1xx_hal_gpio.o
 .debug_abbrev  0x00000000000017b1      0x213 ./Drivers/STM32F1xx_HAL_Driver/Src/stm32f1xx_hal_pwr.o
 .debug_abbrev  0x00000000000019c4      0x273 ./Drivers/STM32F1xx_HAL_Driver/Src/stm32f1xx_hal_rcc.o
 .debug_abbrev  0x0000000000001c37      0x25e ./Drivers/STM32F1xx_HAL_Driver/Src/stm32f1xx_hal_tim.o
 .debug_abbrev  0x0000000000001e95      0x266 ./Drivers/STM32F1xx_HAL_Driver/Src/stm32f1xx_hal_tim_ex.o

.debug_aranges  0x0000000000000000      0xb88
 .debug_aranges
                0x0000000000000000       0x30 ./Core/Src/display7SEG.o
 .debug_aranges
                0x0000000000000030       0x68 ./Core/Src/displayLed.o
 .debug_aranges
                0x0000000000000098       0x28 ./Core/Src/fsm_normal_state.o
 .debug_aranges
                0x00000000000000c0       0x18 ./Core/Src/global.o
 .debug_aranges
                0x00000000000000d8       0x28 ./Core/Src/input_reading.o
 .debug_aranges
                0x0000000000000100       0x48 ./Core/Src/main.o
 .debug_aranges
                0x0000000000000148       0x48 ./Core/Src/scheduler.o
 .debug_aranges
                0x0000000000000190       0x48 ./Core/Src/software_timer.o
 .debug_aranges
                0x00000000000001d8       0x30 ./Core/Src/stm32f1xx_hal_msp.o
 .debug_aranges
                0x0000000000000208       0x68 ./Core/Src/stm32f1xx_it.o
 .debug_aranges
                0x0000000000000270       0x20 ./Core/Src/sysmem.o
 .debug_aranges
                0x0000000000000290       0x28 ./Core/Src/system_stm32f1xx.o
 .debug_aranges
                0x00000000000002b8       0x28 ./Core/Startup/startup_stm32f103c6ux.o
 .debug_aranges
                0x00000000000002e0       0xe0 ./Drivers/STM32F1xx_HAL_Driver/Src/stm32f1xx_hal.o
 .debug_aranges
                0x00000000000003c0      0x100 ./Drivers/STM32F1xx_HAL_Driver/Src/stm32f1xx_hal_cortex.o
 .debug_aranges
                0x00000000000004c0       0x58 ./Drivers/STM32F1xx_HAL_Driver/Src/stm32f1xx_hal_gpio.o
 .debug_aranges
                0x0000000000000518       0xa8 ./Drivers/STM32F1xx_HAL_Driver/Src/stm32f1xx_hal_pwr.o
 .debug_aranges
                0x00000000000005c0       0x90 ./Drivers/STM32F1xx_HAL_Driver/Src/stm32f1xx_hal_rcc.o
 .debug_aranges
                0x0000000000000650      0x3d0 ./Drivers/STM32F1xx_HAL_Driver/Src/stm32f1xx_hal_tim.o
 .debug_aranges
                0x0000000000000a20      0x168 ./Drivers/STM32F1xx_HAL_Driver/Src/stm32f1xx_hal_tim_ex.o

.debug_ranges   0x0000000000000000      0xa48
 .debug_ranges  0x0000000000000000       0x20 ./Core/Src/display7SEG.o
 .debug_ranges  0x0000000000000020       0x58 ./Core/Src/displayLed.o
 .debug_ranges  0x0000000000000078       0x18 ./Core/Src/fsm_normal_state.o
 .debug_ranges  0x0000000000000090       0x18 ./Core/Src/input_reading.o
 .debug_ranges  0x00000000000000a8       0x38 ./Core/Src/main.o
 .debug_ranges  0x00000000000000e0       0x38 ./Core/Src/scheduler.o
 .debug_ranges  0x0000000000000118       0x38 ./Core/Src/software_timer.o
 .debug_ranges  0x0000000000000150       0x20 ./Core/Src/stm32f1xx_hal_msp.o
 .debug_ranges  0x0000000000000170       0x58 ./Core/Src/stm32f1xx_it.o
 .debug_ranges  0x00000000000001c8       0x10 ./Core/Src/sysmem.o
 .debug_ranges  0x00000000000001d8       0x18 ./Core/Src/system_stm32f1xx.o
 .debug_ranges  0x00000000000001f0       0x20 ./Core/Startup/startup_stm32f103c6ux.o
 .debug_ranges  0x0000000000000210       0xd0 ./Drivers/STM32F1xx_HAL_Driver/Src/stm32f1xx_hal.o
 .debug_ranges  0x00000000000002e0       0xf0 ./Drivers/STM32F1xx_HAL_Driver/Src/stm32f1xx_hal_cortex.o
 .debug_ranges  0x00000000000003d0       0x48 ./Drivers/STM32F1xx_HAL_Driver/Src/stm32f1xx_hal_gpio.o
 .debug_ranges  0x0000000000000418       0x98 ./Drivers/STM32F1xx_HAL_Driver/Src/stm32f1xx_hal_pwr.o
 .debug_ranges  0x00000000000004b0       0x80 ./Drivers/STM32F1xx_HAL_Driver/Src/stm32f1xx_hal_rcc.o
 .debug_ranges  0x0000000000000530      0x3c0 ./Drivers/STM32F1xx_HAL_Driver/Src/stm32f1xx_hal_tim.o
 .debug_ranges  0x00000000000008f0      0x158 ./Drivers/STM32F1xx_HAL_Driver/Src/stm32f1xx_hal_tim_ex.o

.debug_macro    0x0000000000000000    0x18008
 .debug_macro   0x0000000000000000      0x1eb ./Core/Src/display7SEG.o
 .debug_macro   0x00000000000001eb      0xa9c ./Core/Src/display7SEG.o
 .debug_macro   0x0000000000000c87      0x215 ./Core/Src/display7SEG.o
 .debug_macro   0x0000000000000e9c       0x2e ./Core/Src/display7SEG.o
 .debug_macro   0x0000000000000eca       0x22 ./Core/Src/display7SEG.o
 .debug_macro   0x0000000000000eec       0x22 ./Core/Src/display7SEG.o
 .debug_macro   0x0000000000000f0e       0x8e ./Core/Src/display7SEG.o
 .debug_macro   0x0000000000000f9c       0x51 ./Core/Src/display7SEG.o
 .debug_macro   0x0000000000000fed      0x103 ./Core/Src/display7SEG.o
 .debug_macro   0x00000000000010f0       0x6a ./Core/Src/display7SEG.o
 .debug_macro   0x000000000000115a      0x1df ./Core/Src/display7SEG.o
 .debug_macro   0x0000000000001339       0x1c ./Core/Src/display7SEG.o
 .debug_macro   0x0000000000001355       0x22 ./Core/Src/display7SEG.o
 .debug_macro   0x0000000000001377       0xc3 ./Core/Src/display7SEG.o
 .debug_macro   0x000000000000143a      0xd23 ./Core/Src/display7SEG.o
 .debug_macro   0x000000000000215d     0xde75 ./Core/Src/display7SEG.o
 .debug_macro   0x000000000000ffd2       0x6d ./Core/Src/display7SEG.o
 .debug_macro   0x000000000001003f     0x348d ./Core/Src/display7SEG.o
 .debug_macro   0x00000000000134cc      0x174 ./Core/Src/display7SEG.o
 .debug_macro   0x0000000000013640       0x5c ./Core/Src/display7SEG.o
 .debug_macro   0x000000000001369c      0x5bc ./Core/Src/display7SEG.o
 .debug_macro   0x0000000000013c58      0x1b7 ./Core/Src/display7SEG.o
 .debug_macro   0x0000000000013e0f      0x1cb ./Core/Src/display7SEG.o
 .debug_macro   0x0000000000013fda      0x114 ./Core/Src/display7SEG.o
 .debug_macro   0x00000000000140ee      0x1b2 ./Core/Src/display7SEG.o
 .debug_macro   0x00000000000142a0       0x27 ./Core/Src/display7SEG.o
 .debug_macro   0x00000000000142c7      0x12f ./Core/Src/display7SEG.o
 .debug_macro   0x00000000000143f6      0x1bc ./Core/Src/display7SEG.o
 .debug_macro   0x00000000000145b2       0x34 ./Core/Src/display7SEG.o
 .debug_macro   0x00000000000145e6       0x3c ./Core/Src/display7SEG.o
 .debug_macro   0x0000000000014622       0x57 ./Core/Src/display7SEG.o
 .debug_macro   0x0000000000014679       0x87 ./Core/Src/display7SEG.o
 .debug_macro   0x0000000000014700      0x183 ./Core/Src/display7SEG.o
 .debug_macro   0x0000000000014883      0x140 ./Core/Src/display7SEG.o
 .debug_macro   0x00000000000149c3      0x8ed ./Core/Src/display7SEG.o
 .debug_macro   0x00000000000152b0       0x69 ./Core/Src/display7SEG.o
 .debug_macro   0x0000000000015319      0x100 ./Core/Src/display7SEG.o
 .debug_macro   0x0000000000015419       0x34 ./Core/Src/display7SEG.o
 .debug_macro   0x000000000001544d      0x1b0 ./Core/Src/displayLed.o
 .debug_macro   0x00000000000155fd      0x1e7 ./Core/Src/fsm_normal_state.o
 .debug_macro   0x00000000000157e4      0x1e7 ./Core/Src/global.o
 .debug_macro   0x00000000000159cb      0x1be ./Core/Src/input_reading.o
 .debug_macro   0x0000000000015b89      0x1f5 ./Core/Src/main.o
 .debug_macro   0x0000000000015d7e      0x343 ./Core/Src/scheduler.o
 .debug_macro   0x00000000000160c1       0x52 ./Core/Src/scheduler.o
 .debug_macro   0x0000000000016113       0x18 ./Core/Src/scheduler.o
 .debug_macro   0x000000000001612b       0x3c ./Core/Src/scheduler.o
 .debug_macro   0x0000000000016167       0x34 ./Core/Src/scheduler.o
 .debug_macro   0x000000000001619b       0x16 ./Core/Src/scheduler.o
 .debug_macro   0x00000000000161b1       0x35 ./Core/Src/scheduler.o
 .debug_macro   0x00000000000161e6      0x333 ./Core/Src/scheduler.o
 .debug_macro   0x0000000000016519       0x10 ./Core/Src/scheduler.o
 .debug_macro   0x0000000000016529       0x16 ./Core/Src/scheduler.o
 .debug_macro   0x000000000001653f       0x43 ./Core/Src/scheduler.o
 .debug_macro   0x0000000000016582       0x34 ./Core/Src/scheduler.o
 .debug_macro   0x00000000000165b6       0x10 ./Core/Src/scheduler.o
 .debug_macro   0x00000000000165c6       0x58 ./Core/Src/scheduler.o
 .debug_macro   0x000000000001661e       0x71 ./Core/Src/scheduler.o
 .debug_macro   0x000000000001668f       0x1c ./Core/Src/scheduler.o
 .debug_macro   0x00000000000166ab      0x12a ./Core/Src/scheduler.o
 .debug_macro   0x00000000000167d5       0x10 ./Core/Src/scheduler.o
 .debug_macro   0x00000000000167e5       0x1c ./Core/Src/scheduler.o
 .debug_macro   0x0000000000016801       0x52 ./Core/Src/scheduler.o
 .debug_macro   0x0000000000016853       0x22 ./Core/Src/scheduler.o
 .debug_macro   0x0000000000016875       0x10 ./Core/Src/scheduler.o
 .debug_macro   0x0000000000016885       0x40 ./Core/Src/scheduler.o
 .debug_macro   0x00000000000168c5       0xd5 ./Core/Src/scheduler.o
 .debug_macro   0x000000000001699a       0x1c ./Core/Src/scheduler.o
 .debug_macro   0x00000000000169b6       0x3d ./Core/Src/scheduler.o
 .debug_macro   0x00000000000169f3       0x16 ./Core/Src/scheduler.o
 .debug_macro   0x0000000000016a09      0x145 ./Core/Src/scheduler.o
 .debug_macro   0x0000000000016b4e       0x16 ./Core/Src/scheduler.o
 .debug_macro   0x0000000000016b64       0x16 ./Core/Src/scheduler.o
 .debug_macro   0x0000000000016b7a       0x29 ./Core/Src/scheduler.o
 .debug_macro   0x0000000000016ba3       0x1b ./Core/Src/software_timer.o
 .debug_macro   0x0000000000016bbe      0x1a6 ./Core/Src/stm32f1xx_hal_msp.o
 .debug_macro   0x0000000000016d64      0x1b0 ./Core/Src/stm32f1xx_it.o
 .debug_macro   0x0000000000016f14       0xff ./Core/Src/sysmem.o
 .debug_macro   0x0000000000017013      0x23b ./Core/Src/sysmem.o
 .debug_macro   0x000000000001724e      0x197 ./Core/Src/system_stm32f1xx.o
 .debug_macro   0x00000000000173e5      0x1bb ./Drivers/STM32F1xx_HAL_Driver/Src/stm32f1xx_hal.o
 .debug_macro   0x00000000000175a0      0x197 ./Drivers/STM32F1xx_HAL_Driver/Src/stm32f1xx_hal_cortex.o
 .debug_macro   0x0000000000017737      0x202 ./Drivers/STM32F1xx_HAL_Driver/Src/stm32f1xx_hal_gpio.o
 .debug_macro   0x0000000000017939      0x1f7 ./Drivers/STM32F1xx_HAL_Driver/Src/stm32f1xx_hal_pwr.o
 .debug_macro   0x0000000000017b30      0x1a9 ./Drivers/STM32F1xx_HAL_Driver/Src/stm32f1xx_hal_rcc.o
 .debug_macro   0x0000000000017cd9      0x198 ./Drivers/STM32F1xx_HAL_Driver/Src/stm32f1xx_hal_tim.o
 .debug_macro   0x0000000000017e71      0x197 ./Drivers/STM32F1xx_HAL_Driver/Src/stm32f1xx_hal_tim_ex.o

.debug_line     0x0000000000000000     0xd18b
 .debug_line    0x0000000000000000      0x783 ./Core/Src/display7SEG.o
 .debug_line    0x0000000000000783      0x750 ./Core/Src/displayLed.o
 .debug_line    0x0000000000000ed3      0x89e ./Core/Src/fsm_normal_state.o
 .debug_line    0x0000000000001771      0x6ab ./Core/Src/global.o
 .debug_line    0x0000000000001e1c      0x705 ./Core/Src/input_reading.o
 .debug_line    0x0000000000002521      0x819 ./Core/Src/main.o
 .debug_line    0x0000000000002d3a      0x9fe ./Core/Src/scheduler.o
 .debug_line    0x0000000000003738      0x14d ./Core/Src/software_timer.o
 .debug_line    0x0000000000003885      0x6a1 ./Core/Src/stm32f1xx_hal_msp.o
 .debug_line    0x0000000000003f26      0x73f ./Core/Src/stm32f1xx_it.o
 .debug_line    0x0000000000004665      0x4f8 ./Core/Src/sysmem.o
 .debug_line    0x0000000000004b5d      0x6e3 ./Core/Src/system_stm32f1xx.o
 .debug_line    0x0000000000005240       0x86 ./Core/Startup/startup_stm32f103c6ux.o
 .debug_line    0x00000000000052c6      0x910 ./Drivers/STM32F1xx_HAL_Driver/Src/stm32f1xx_hal.o
 .debug_line    0x0000000000005bd6      0xaf8 ./Drivers/STM32F1xx_HAL_Driver/Src/stm32f1xx_hal_cortex.o
 .debug_line    0x00000000000066ce      0x993 ./Drivers/STM32F1xx_HAL_Driver/Src/stm32f1xx_hal_gpio.o
 .debug_line    0x0000000000007061      0x892 ./Drivers/STM32F1xx_HAL_Driver/Src/stm32f1xx_hal_pwr.o
 .debug_line    0x00000000000078f3      0xd1c ./Drivers/STM32F1xx_HAL_Driver/Src/stm32f1xx_hal_rcc.o
 .debug_line    0x000000000000860f     0x3346 ./Drivers/STM32F1xx_HAL_Driver/Src/stm32f1xx_hal_tim.o
 .debug_line    0x000000000000b955     0x1836 ./Drivers/STM32F1xx_HAL_Driver/Src/stm32f1xx_hal_tim_ex.o

.debug_str      0x0000000000000000    0x86ff8
 .debug_str     0x0000000000000000    0x7f8b4 ./Core/Src/display7SEG.o
                                      0x7fc09 (size before relaxing)
 .debug_str     0x000000000007f8b4       0x9a ./Core/Src/displayLed.o
                                      0x7fae8 (size before relaxing)
 .debug_str     0x000000000007f94e       0x34 ./Core/Src/fsm_normal_state.o
                                      0x7fbd5 (size before relaxing)
 .debug_str     0x000000000007f982       0x15 ./Core/Src/global.o
                                      0x7fba9 (size before relaxing)
 .debug_str     0x000000000007f997      0x12f ./Core/Src/input_reading.o
                                      0x7fb86 (size before relaxing)
 .debug_str     0x000000000007fac6      0x6f9 ./Core/Src/main.o
                                      0x80384 (size before relaxing)
 .debug_str     0x00000000000801bf     0x41c0 ./Core/Src/scheduler.o
                                      0x83c86 (size before relaxing)
 .debug_str     0x000000000008437f       0x61 ./Core/Src/software_timer.o
                                       0x2e5d (size before relaxing)
 .debug_str     0x00000000000843e0      0x2ba ./Core/Src/stm32f1xx_hal_msp.o
                                      0x8022f (size before relaxing)
 .debug_str     0x000000000008469a       0xcd ./Core/Src/stm32f1xx_it.o
                                      0x7ff91 (size before relaxing)
 .debug_str     0x0000000000084767      0x4e9 ./Core/Src/sysmem.o
                                       0x625d (size before relaxing)
 .debug_str     0x0000000000084c50       0x52 ./Core/Src/system_stm32f1xx.o
                                      0x7f6e2 (size before relaxing)
 .debug_str     0x0000000000084ca2       0x36 ./Core/Startup/startup_stm32f103c6ux.o
                                         0x71 (size before relaxing)
 .debug_str     0x0000000000084cd8      0x304 ./Drivers/STM32F1xx_HAL_Driver/Src/stm32f1xx_hal.o
                                      0x7fd39 (size before relaxing)
 .debug_str     0x0000000000084fdc      0x300 ./Drivers/STM32F1xx_HAL_Driver/Src/stm32f1xx_hal_cortex.o
                                      0x7fd41 (size before relaxing)
 .debug_str     0x00000000000852dc      0x316 ./Drivers/STM32F1xx_HAL_Driver/Src/stm32f1xx_hal_gpio.o
                                      0x7faa6 (size before relaxing)
 .debug_str     0x00000000000855f2      0x507 ./Drivers/STM32F1xx_HAL_Driver/Src/stm32f1xx_hal_pwr.o
                                      0x7fc45 (size before relaxing)
 .debug_str     0x0000000000085af9      0x243 ./Drivers/STM32F1xx_HAL_Driver/Src/stm32f1xx_hal_rcc.o
                                      0x7fadf (size before relaxing)
 .debug_str     0x0000000000085d3c      0xdce ./Drivers/STM32F1xx_HAL_Driver/Src/stm32f1xx_hal_tim.o
                                      0x80ab8 (size before relaxing)
 .debug_str     0x0000000000086b0a      0x4ee ./Drivers/STM32F1xx_HAL_Driver/Src/stm32f1xx_hal_tim_ex.o
                                      0x80269 (size before relaxing)

.comment        0x0000000000000000       0x53
 .comment       0x0000000000000000       0x53 ./Core/Src/display7SEG.o
                                         0x54 (size before relaxing)
 .comment       0x0000000000000053       0x54 ./Core/Src/displayLed.o
 .comment       0x0000000000000053       0x54 ./Core/Src/fsm_normal_state.o
 .comment       0x0000000000000053       0x54 ./Core/Src/global.o
 .comment       0x0000000000000053       0x54 ./Core/Src/input_reading.o
 .comment       0x0000000000000053       0x54 ./Core/Src/main.o
 .comment       0x0000000000000053       0x54 ./Core/Src/scheduler.o
 .comment       0x0000000000000053       0x54 ./Core/Src/software_timer.o
 .comment       0x0000000000000053       0x54 ./Core/Src/stm32f1xx_hal_msp.o
 .comment       0x0000000000000053       0x54 ./Core/Src/stm32f1xx_it.o
 .comment       0x0000000000000053       0x54 ./Core/Src/sysmem.o
 .comment       0x0000000000000053       0x54 ./Core/Src/system_stm32f1xx.o
 .comment       0x0000000000000053       0x54 ./Drivers/STM32F1xx_HAL_Driver/Src/stm32f1xx_hal.o
 .comment       0x0000000000000053       0x54 ./Drivers/STM32F1xx_HAL_Driver/Src/stm32f1xx_hal_cortex.o
 .comment       0x0000000000000053       0x54 ./Drivers/STM32F1xx_HAL_Driver/Src/stm32f1xx_hal_gpio.o
 .comment       0x0000000000000053       0x54 ./Drivers/STM32F1xx_HAL_Driver/Src/stm32f1xx_hal_pwr.o
 .comment       0x0000000000000053       0x54 ./Drivers/STM32F1xx_HAL_Driver/Src/stm32f1xx_hal_rcc.o
 .comment       0x0000000000000053       0x54 ./Drivers/STM32F1xx_HAL_Driver/Src/stm32f1xx_hal_tim.o
 .comment       0x0000000000000053       0x54 ./Drivers/STM32F1xx_HAL_Driver/Src/stm32f1xx_hal_tim_ex.o

.debug_frame    0x0000000000000000     0x2ebc
 .debug_frame   0x0000000000000000       0x7c ./Core/Src/display7SEG.o
 .debug_frame   0x000000000000007c      0x128 ./Core/Src/displayLed.o
 .debug_frame   0x00000000000001a4       0x4c ./Core/Src/fsm_normal_state.o
 .debug_frame   0x00000000000001f0       0x5c ./Core/Src/input_reading.o
 .debug_frame   0x000000000000024c       0xd8 ./Core/Src/main.o
 .debug_frame   0x0000000000000324       0xe8 ./Core/Src/scheduler.o
 .debug_frame   0x000000000000040c       0xf8 ./Core/Src/software_timer.o
 .debug_frame   0x0000000000000504       0x80 ./Core/Src/stm32f1xx_hal_msp.o
 .debug_frame   0x0000000000000584      0x120 ./Core/Src/stm32f1xx_it.o
 .debug_frame   0x00000000000006a4       0x34 ./Core/Src/sysmem.o
 .debug_frame   0x00000000000006d8       0x58 ./Core/Src/system_stm32f1xx.o
 .debug_frame   0x0000000000000730      0x334 ./Drivers/STM32F1xx_HAL_Driver/Src/stm32f1xx_hal.o
 .debug_frame   0x0000000000000a64      0x428 ./Drivers/STM32F1xx_HAL_Driver/Src/stm32f1xx_hal_cortex.o
 .debug_frame   0x0000000000000e8c      0x14c ./Drivers/STM32F1xx_HAL_Driver/Src/stm32f1xx_hal_gpio.o
 .debug_frame   0x0000000000000fd8      0x270 ./Drivers/STM32F1xx_HAL_Driver/Src/stm32f1xx_hal_pwr.o
 .debug_frame   0x0000000000001248      0x218 ./Drivers/STM32F1xx_HAL_Driver/Src/stm32f1xx_hal_rcc.o
 .debug_frame   0x0000000000001460     0x11b8 ./Drivers/STM32F1xx_HAL_Driver/Src/stm32f1xx_hal_tim.o
 .debug_frame   0x0000000000002618      0x638 ./Drivers/STM32F1xx_HAL_Driver/Src/stm32f1xx_hal_tim_ex.o
 .debug_frame   0x0000000000002c50       0x20 c:/st/stm32cubeide_1.7.0/stm32cubeide/plugins/com.st.stm32cube.ide.mcu.externaltools.gnu-tools-for-stm32.9-2020-q2-update.win32_2.0.0.202105311346/tools/bin/../lib/gcc/arm-none-eabi/9.3.1/../../../../arm-none-eabi/lib/thumb/v7-m/nofp\libc_nano.a(lib_a-errno.o)
 .debug_frame   0x0000000000002c70       0x2c c:/st/stm32cubeide_1.7.0/stm32cubeide/plugins/com.st.stm32cube.ide.mcu.externaltools.gnu-tools-for-stm32.9-2020-q2-update.win32_2.0.0.202105311346/tools/bin/../lib/gcc/arm-none-eabi/9.3.1/../../../../arm-none-eabi/lib/thumb/v7-m/nofp\libc_nano.a(lib_a-init.o)
 .debug_frame   0x0000000000002c9c       0x30 c:/st/stm32cubeide_1.7.0/stm32cubeide/plugins/com.st.stm32cube.ide.mcu.externaltools.gnu-tools-for-stm32.9-2020-q2-update.win32_2.0.0.202105311346/tools/bin/../lib/gcc/arm-none-eabi/9.3.1/../../../../arm-none-eabi/lib/thumb/v7-m/nofp\libc_nano.a(lib_a-malloc.o)
 .debug_frame   0x0000000000002ccc       0x20 c:/st/stm32cubeide_1.7.0/stm32cubeide/plugins/com.st.stm32cube.ide.mcu.externaltools.gnu-tools-for-stm32.9-2020-q2-update.win32_2.0.0.202105311346/tools/bin/../lib/gcc/arm-none-eabi/9.3.1/../../../../arm-none-eabi/lib/thumb/v7-m/nofp\libc_nano.a(lib_a-memset.o)
 .debug_frame   0x0000000000002cec       0x38 c:/st/stm32cubeide_1.7.0/stm32cubeide/plugins/com.st.stm32cube.ide.mcu.externaltools.gnu-tools-for-stm32.9-2020-q2-update.win32_2.0.0.202105311346/tools/bin/../lib/gcc/arm-none-eabi/9.3.1/../../../../arm-none-eabi/lib/thumb/v7-m/nofp\libc_nano.a(lib_a-nano-freer.o)
 .debug_frame   0x0000000000002d24       0x30 c:/st/stm32cubeide_1.7.0/stm32cubeide/plugins/com.st.stm32cube.ide.mcu.externaltools.gnu-tools-for-stm32.9-2020-q2-update.win32_2.0.0.202105311346/tools/bin/../lib/gcc/arm-none-eabi/9.3.1/../../../../arm-none-eabi/lib/thumb/v7-m/nofp\libc_nano.a(lib_a-nano-mallocr.o)
 .debug_frame   0x0000000000002d54       0x2c c:/st/stm32cubeide_1.7.0/stm32cubeide/plugins/com.st.stm32cube.ide.mcu.externaltools.gnu-tools-for-stm32.9-2020-q2-update.win32_2.0.0.202105311346/tools/bin/../lib/gcc/arm-none-eabi/9.3.1/../../../../arm-none-eabi/lib/thumb/v7-m/nofp\libc_nano.a(lib_a-sbrkr.o)
 .debug_frame   0x0000000000002d80       0x30 c:/st/stm32cubeide_1.7.0/stm32cubeide/plugins/com.st.stm32cube.ide.mcu.externaltools.gnu-tools-for-stm32.9-2020-q2-update.win32_2.0.0.202105311346/tools/bin/../lib/gcc/arm-none-eabi/9.3.1/../../../../arm-none-eabi/lib/thumb/v7-m/nofp\libc_nano.a(lib_a-mlock.o)
 .debug_frame   0x0000000000002db0       0x5c c:/st/stm32cubeide_1.7.0/stm32cubeide/plugins/com.st.stm32cube.ide.mcu.externaltools.gnu-tools-for-stm32.9-2020-q2-update.win32_2.0.0.202105311346/tools/bin/../lib/gcc/arm-none-eabi/9.3.1/../../../../arm-none-eabi/lib/thumb/v7-m/nofp\libc_nano.a(lib_a-reent.o)
 .debug_frame   0x0000000000002e0c       0xb0 c:/st/stm32cubeide_1.7.0/stm32cubeide/plugins/com.st.stm32cube.ide.mcu.externaltools.gnu-tools-for-stm32.9-2020-q2-update.win32_2.0.0.202105311346/tools/bin/../lib/gcc/arm-none-eabi/9.3.1/../../../../arm-none-eabi/lib/thumb/v7-m/nofp\libc_nano.a(lib_a-lock.o)
